<?xml version="1.0" encoding="utf-8"?><testsuites name="pytest tests"><testsuite name="pytest" errors="0" failures="0" skipped="0" tests="44" time="13.967" timestamp="2026-03-24T19:12:55.808908+01:00" hostname="DESKTOP-QH5E70S"><testcase classname="tests.test_action_generator_turn_rules" name="test_non_current_player_has_no_move" time="0.002" /><testcase classname="tests.test_action_generator_turn_rules" name="test_current_player_has_24_actions_in_the_beginning" time="0.002" /><testcase classname="tests.test_action_generator_turn_rules" name="test_only_place_actions_in_placing" time="0.001" /><testcase classname="tests.test_action_generator_turn_rules" name="test_player_changes_after_legal_action" time="0.001" /><testcase classname="tests.test_action_generator_turn_rules" name="test_player_doesnt_changes_after_illegal_action" time="0.002" /><testcase classname="tests.test_actions.TestLegalActions" name="test_move_only_neighbors_when_not_jumping" time="0.002" /><testcase classname="tests.test_actions.TestLegalActions" name="test_move_when_jumping" time="0.001" /><testcase classname="tests.test_actions.TestLegalActions" name="test_placing_returns_all_empty_positions" time="0.001" /><testcase classname="tests.test_actions.TestLegalActions" name="test_remove_when_mill_formed" time="0.002" /><testcase classname="tests.test_board.TestBoard" name="test_get_mill" time="0.001" /><testcase classname="tests.test_board.TestBoard" name="test_move_jump" time="0.001" /><testcase classname="tests.test_board.TestBoard" name="test_move_piece" time="0.001" /><testcase classname="tests.test_board.TestBoard" name="test_place_piece" time="0.001" /><testcase classname="tests.test_board.TestBoard" name="test_remove_piece" time="0.001" /><testcase classname="tests.test_board.TestBoard" name="test_remove_piece_in_mill_allowed_if_all_opponent_pieces_are_in_mills" time="0.001" /><testcase classname="tests.test_board.TestBoard" name="test_remove_piece_in_mill_not_allowed" time="0.001" /><testcase classname="tests.test_db.TestDbFunctions" name="test_add_get_players" time="0.176" /><testcase classname="tests.test_db.TestDbFunctions" name="test_duplicate_player_names" time="0.190" /><testcase classname="tests.test_db.TestDbFunctions" name="test_game" time="1.287" /><testcase classname="tests.test_db.TestDbFunctions" name="test_invalid_game_end" time="0.162" /><testcase classname="tests.test_db.TestDbFunctions" name="test_invalid_game_start" time="0.169" /><testcase classname="tests.test_db.TestDbFunctions" name="test_multiple_games_stats" time="4.522" /><testcase classname="tests.test_db.TestDbFunctions" name="test_no_games_stats" time="0.145" /><testcase classname="tests.test_db.TestDbFunctions" name="test_player_lifecycle" time="0.211" /><testcase classname="tests.test_db.TestDbFunctions" name="test_stats_no_games" time="0.275" /><testcase classname="tests.test_fixture_demo" name="test_game_starts_with_player1" time="0.001" /><testcase classname="tests.test_game.TestGame" name="test_game_over_winner" time="0.001" /><testcase classname="tests.test_game.TestGame" name="test_initial" time="0.001" /><testcase classname="tests.test_game.TestGame" name="test_jump" time="0.002" /><testcase classname="tests.test_game.TestGame" name="test_place_on_occupied_position" time="0.001" /><testcase classname="tests.test_game.TestGame" name="test_place_piece" time="0.002" /><testcase classname="tests.test_game.TestGame" name="test_remove" time="0.003" /><testcase classname="tests.test_game.TestGame" name="test_switch" time="0.001" /><testcase classname="tests.test_game.TestGame" name="test_transition_to_moving_state" time="0.004" /><testcase classname="tests.test_game_apply_contract" name="test_apply_illegal_action_raises_value_error" time="0.002" /><testcase classname="tests.test_game_apply_contract" name="test_apply_legal_action_passes" time="0.002" /><testcase classname="tests.test_player.TestPlayer" name="test_equality_and_hash" time="0.001" /><testcase classname="tests.test_player.TestPlayer" name="test_initial_vals" time="0.001" /><testcase classname="tests.test_player.TestPlayer" name="test_jump_capability" time="0.001" /><testcase classname="tests.test_player.TestPlayer" name="test_mill" time="0.002" /><testcase classname="tests.test_player.TestPlayer" name="test_place_piece" time="0.001" /><testcase classname="tests.test_position.TestPosition" name="test_initial_vals" time="0.002" /><testcase classname="tests.test_position.TestPosition" name="test_occupied_by" time="0.001" /><testcase classname="tests.test_smoke_pytest" name="test_smoke_game_creation" time="0.002" /></testsuite></testsuites>